
> portfolio@0.1.0 build
> next build

Ôû▓ Next.js 16.2.1 (Turbopack)

  Creating an optimized production build ...
Ô£ô Compiled successfully in 114s
  Running TypeScript ...
  Finished TypeScript in 46s ...
  Collecting page data using 3 workers ...
  Generating static pages using 3 workers (0/4) ...
  Generating static pages using 3 workers (1/4) 
  Generating static pages using 3 workers (2/4) 
  Generating static pages using 3 workers (3/4) 
Ô£ô Generating static pages using 3 workers (4/4) in 2.2s
  Finalizing page optimization ...

Route (app)
Ôöî Ôùï /
Ôöö Ôùï /_not-found


Ôùï  (Static)  prerendered as static content

